[
    {
        "scc": [
            {
                "id": "sub_00101728",
                "address": "00101728"
            }
        ],
        "constraints": []
    }
]